2026-02-19 21:39:27,249 [INFO] Placing MARKET BUY | symbol=BTCUSDT qty=0.002
2026-02-19 21:39:27,250 [DEBUG] POST https://testnet.binancefuture.com/fapi/v1/order | params: {'symbol': 'BTCUSDT', 'side': 'BUY', 'type': 'MARKET', 'quantity': 0.002, 'timestamp': 1771517367250}
2026-02-19 21:39:27,969 [DEBUG] Response [200]: {'orderId': 12394842338, 'symbol': 'BTCUSDT', 'status': 'NEW', 'clientOrderId': 'R5Px5w24TEjStUJSlopKXc', 'price': '0.00', 'avgPrice': '0.00', 'origQty': '0.002', 'executedQty': '0.000', 'cumQty': '0.000', 'cumQuote': '0.00000', 'timeInForce': 'GTC', 'type': 'MARKET', 'reduceOnly': False, 'closePosition': False, 'side': 'BUY', 'positionSide': 'BOTH', 'stopPrice': '0.00', 'workingType': 'CONTRACT_PRICE', 'priceProtect': False, 'origType': 'MARKET', 'priceMatch': 'NONE', 'selfTradePreventionMode': 'EXPIRE_MAKER', 'goodTillDate': 0, 'updateTime': 1771517367875}
2026-02-19 21:39:27,969 [INFO] Order success | orderId=12394842338 status=NEW executedQty=0.000 avgPrice=0.00
2026-02-20 00:00:37,869 [INFO] Placing MARKET BUY | symbol=BTCUSDT qty=0.002
2026-02-20 00:00:37,870 [DEBUG] POST https://testnet.binancefuture.com/fapi/v1/order | params: {'symbol': 'BTCUSDT', 'side': 'BUY', 'type': 'MARKET', 'quantity': 0.002, 'timestamp': 1771525837869}
2026-02-20 00:00:39,268 [DEBUG] Response [200]: {'orderId': 12397549349, 'symbol': 'BTCUSDT', 'status': 'NEW', 'clientOrderId': 'M3689b0WwB3A9Ukc2niKvB', 'price': '0.00', 'avgPrice': '0.00', 'origQty': '0.002', 'executedQty': '0.000', 'cumQty': '0.000', 'cumQuote': '0.00000', 'timeInForce': 'GTC', 'type': 'MARKET', 'reduceOnly': False, 'closePosition': False, 'side': 'BUY', 'positionSide': 'BOTH', 'stopPrice': '0.00', 'workingType': 'CONTRACT_PRICE', 'priceProtect': False, 'origType': 'MARKET', 'priceMatch': 'NONE', 'selfTradePreventionMode': 'EXPIRE_MAKER', 'goodTillDate': 0, 'updateTime': 1771525839247}
2026-02-20 00:00:39,269 [INFO] Order success | orderId=12397549349 status=NEW executedQty=0.000 avgPrice=0.00
2026-02-20 00:05:13,253 [INFO] Placing MARKET BUY | symbol=BTCUSDT qty=0.002
2026-02-20 00:05:13,254 [DEBUG] POST https://testnet.binancefuture.com/fapi/v1/order | params: {'symbol': 'BTCUSDT', 'side': 'BUY', 'type': 'MARKET', 'quantity': 0.002, 'timestamp': 1771526113254}
2026-02-20 00:05:14,850 [DEBUG] Response [200]: {'orderId': 12397629588, 'symbol': 'BTCUSDT', 'status': 'NEW', 'clientOrderId': 'KY8fIunTMlIlup1Ki44Dke', 'price': '0.00', 'avgPrice': '0.00', 'origQty': '0.002', 'executedQty': '0.000', 'cumQty': '0.000', 'cumQuote': '0.00000', 'timeInForce': 'GTC', 'type': 'MARKET', 'reduceOnly': False, 'closePosition': False, 'side': 'BUY', 'positionSide': 'BOTH', 'stopPrice': '0.00', 'workingType': 'CONTRACT_PRICE', 'priceProtect': False, 'origType': 'MARKET', 'priceMatch': 'NONE', 'selfTradePreventionMode': 'EXPIRE_MAKER', 'goodTillDate': 0, 'updateTime': 1771526114843}
2026-02-20 00:05:14,850 [INFO] Order success | orderId=12397629588 status=NEW executedQty=0.000 avgPrice=0.00
2026-02-20 00:06:03,173 [INFO] Placing MARKET BUY | symbol=BTCUSDT qty=0.001
2026-02-20 00:06:03,174 [DEBUG] POST https://testnet.binancefuture.com/fapi/v1/order | params: {'symbol': 'BTCUSDT', 'side': 'BUY', 'type': 'MARKET', 'quantity': 0.001, 'timestamp': 1771526163174}
2026-02-20 00:06:04,130 [DEBUG] Response [400]: {'code': -4164, 'msg': "Order's notional must be no smaller than 100 (unless you choose reduce only)."}
2026-02-20 00:06:04,132 [ERROR] HTTP error: 400 Client Error: Bad Request for url: https://testnet.binancefuture.com/fapi/v1/order?symbol=BTCUSDT&side=BUY&type=MARKET&quantity=0.001&timestamp=1771526163174&signature=74c73b5afb392c3da39ad74ba7888bf7b11d4b219719080e08d148566a021304 | Response: {"code":-4164,"msg":"Order's notional must be no smaller than 100 (unless you choose reduce only)."}
2026-02-20 00:06:31,274 [INFO] Placing MARKET BUY | symbol=BTCUSDT qty=0.002
2026-02-20 00:06:31,274 [DEBUG] POST https://testnet.binancefuture.com/fapi/v1/order | params: {'symbol': 'BTCUSDT', 'side': 'BUY', 'type': 'MARKET', 'quantity': 0.002, 'timestamp': 1771526191274}
2026-02-20 00:06:33,170 [DEBUG] Response [200]: {'orderId': 12397655368, 'symbol': 'BTCUSDT', 'status': 'NEW', 'clientOrderId': 'bvsHRpMfADUBDjIkj0mEUn', 'price': '0.00', 'avgPrice': '0.00', 'origQty': '0.002', 'executedQty': '0.000', 'cumQty': '0.000', 'cumQuote': '0.00000', 'timeInForce': 'GTC', 'type': 'MARKET', 'reduceOnly': False, 'closePosition': False, 'side': 'BUY', 'positionSide': 'BOTH', 'stopPrice': '0.00', 'workingType': 'CONTRACT_PRICE', 'priceProtect': False, 'origType': 'MARKET', 'priceMatch': 'NONE', 'selfTradePreventionMode': 'EXPIRE_MAKER', 'goodTillDate': 0, 'updateTime': 1771526192119}
2026-02-20 00:06:33,170 [INFO] Order success | orderId=12397655368 status=NEW executedQty=0.000 avgPrice=0.00
2026-02-20 00:09:20,522 [INFO] Placing MARKET BUY | symbol=BTCUSDT qty=0.01
2026-02-20 00:09:20,523 [DEBUG] POST https://testnet.binancefuture.com/fapi/v1/order | params: {'symbol': 'BTCUSDT', 'side': 'BUY', 'type': 'MARKET', 'quantity': 0.01, 'timestamp': 1771526360522}
2026-02-20 00:09:23,060 [DEBUG] Response [401]: {'code': -2014, 'msg': 'API-key format invalid.'}
2026-02-20 00:09:23,061 [ERROR] HTTP error: 401 Client Error: Unauthorized for url: https://testnet.binancefuture.com/fapi/v1/order?symbol=BTCUSDT&side=BUY&type=MARKET&quantity=0.01&timestamp=1771526360522&signature=778e9f2d03913c31eceecce9dbaad07a7cc853a16654b55063e891139a73cdb8 | Response: {"code":-2014,"msg":"API-key format invalid."}
2026-02-20 00:09:46,555 [INFO] Placing MARKET BUY | symbol=BTCUSDT qty=0.01
2026-02-20 00:09:46,556 [DEBUG] POST https://testnet.binancefuture.com/fapi/v1/order | params: {'symbol': 'BTCUSDT', 'side': 'BUY', 'type': 'MARKET', 'quantity': 0.01, 'timestamp': 1771526386556}
2026-02-20 00:09:47,304 [DEBUG] Response [200]: {'orderId': 12397713160, 'symbol': 'BTCUSDT', 'status': 'NEW', 'clientOrderId': 'O9t1T2a5n1kWDjFDSNINDX', 'price': '0.00', 'avgPrice': '0.00', 'origQty': '0.010', 'executedQty': '0.000', 'cumQty': '0.000', 'cumQuote': '0.00000', 'timeInForce': 'GTC', 'type': 'MARKET', 'reduceOnly': False, 'closePosition': False, 'side': 'BUY', 'positionSide': 'BOTH', 'stopPrice': '0.00', 'workingType': 'CONTRACT_PRICE', 'priceProtect': False, 'origType': 'MARKET', 'priceMatch': 'NONE', 'selfTradePreventionMode': 'EXPIRE_MAKER', 'goodTillDate': 0, 'updateTime': 1771526387227}
2026-02-20 00:09:47,305 [INFO] Order success | orderId=12397713160 status=NEW executedQty=0.000 avgPrice=0.00
2026-02-20 00:10:06,806 [INFO] Placing MARKET BUY | symbol=BTCUSDT qty=0.01
2026-02-20 00:10:06,807 [DEBUG] POST https://testnet.binancefuture.com/fapi/v1/order | params: {'symbol': 'BTCUSDT', 'side': 'BUY', 'type': 'MARKET', 'quantity': 0.01, 'timestamp': 1771526406807}
2026-02-20 00:10:07,494 [DEBUG] Response [401]: {'code': -2014, 'msg': 'API-key format invalid.'}
2026-02-20 00:10:07,495 [ERROR] HTTP error: 401 Client Error: Unauthorized for url: https://testnet.binancefuture.com/fapi/v1/order?symbol=BTCUSDT&side=BUY&type=MARKET&quantity=0.01&timestamp=1771526406807&signature=04ec2fc8ec27dac42a3a4c6dc5b2f3727523233421b1ce74b3c5984c13d1af79 | Response: {"code":-2014,"msg":"API-key format invalid."}
2026-02-20 00:20:29,931 [INFO] Placing MARKET BUY | symbol=BTCUSDT qty=0.01
2026-02-20 00:20:29,932 [DEBUG] POST https://testnet.binancefuture.com/fapi/v1/order | params: {'symbol': 'BTCUSDT', 'side': 'BUY', 'type': 'MARKET', 'quantity': 0.01, 'timestamp': 1771527029932}
2026-02-20 00:20:30,663 [DEBUG] Response [200]: {'orderId': 12397909735, 'symbol': 'BTCUSDT', 'status': 'NEW', 'clientOrderId': 'bgXzdeTxZF972yXzHYgfka', 'price': '0.00', 'avgPrice': '0.00', 'origQty': '0.010', 'executedQty': '0.000', 'cumQty': '0.000', 'cumQuote': '0.00000', 'timeInForce': 'GTC', 'type': 'MARKET', 'reduceOnly': False, 'closePosition': False, 'side': 'BUY', 'positionSide': 'BOTH', 'stopPrice': '0.00', 'workingType': 'CONTRACT_PRICE', 'priceProtect': False, 'origType': 'MARKET', 'priceMatch': 'NONE', 'selfTradePreventionMode': 'EXPIRE_MAKER', 'goodTillDate': 0, 'updateTime': 1771527030665}
2026-02-20 00:20:30,663 [INFO] Order success | orderId=12397909735 status=NEW executedQty=0.000 avgPrice=0.00
2026-02-20 00:27:35,075 [INFO] Placing MARKET BUY | symbol=BTCUSDT qty=0.01
2026-02-20 00:27:35,076 [DEBUG] POST https://testnet.binancefuture.com/fapi/v1/order | params: {'symbol': 'BTCUSDT', 'side': 'BUY', 'type': 'MARKET', 'quantity': 0.01, 'timestamp': 1771527455076}
2026-02-20 00:27:35,830 [DEBUG] Response [200]: {'orderId': 12398041348, 'symbol': 'BTCUSDT', 'status': 'NEW', 'clientOrderId': 'bGa4kVjlkW4Yl6uMG7fpIR', 'price': '0.00', 'avgPrice': '0.00', 'origQty': '0.010', 'executedQty': '0.000', 'cumQty': '0.000', 'cumQuote': '0.00000', 'timeInForce': 'GTC', 'type': 'MARKET', 'reduceOnly': False, 'closePosition': False, 'side': 'BUY', 'positionSide': 'BOTH', 'stopPrice': '0.00', 'workingType': 'CONTRACT_PRICE', 'priceProtect': False, 'origType': 'MARKET', 'priceMatch': 'NONE', 'selfTradePreventionMode': 'EXPIRE_MAKER', 'goodTillDate': 0, 'updateTime': 1771527455842}
2026-02-20 00:27:35,832 [INFO] Order success | orderId=12398041348 status=NEW executedQty=0.000 avgPrice=0.00
